Archive member included because of file (symbol)

/Users/kirby/pebble-dev/PebbleSDK-2.8.1/Pebble/lib/libpebble.a(tmpL9Cjnwpebble.o)
                              src/action-window.c.14.o (action_bar_layer_add_to_window)

Allocating common symbols
Common symbol       size              file

header_text_layer   0x4               src/action-window.c.14.o
menu_layer          0x4               src/pebble-app.c.14.o
header_text         0x40              src/action-window.c.14.o
main_text           0x40              src/action-window.c.14.o
loading_text_layer  0x4               src/pebble-app.c.14.o
main_text_layer     0x4               src/action-window.c.14.o
apps                0x200             src/app_msg.c.14.o

Discarded input sections

 .text          0x0000000000000000        0x0 /Users/kirby/pebble-dev/PebbleSDK-2.8.1/arm-cs-tools/bin/../lib/gcc/arm-none-eabi/4.7.2/thumb2/crti.o
 .bss           0x0000000000000000        0x0 /Users/kirby/pebble-dev/PebbleSDK-2.8.1/arm-cs-tools/bin/../lib/gcc/arm-none-eabi/4.7.2/thumb2/crti.o
 .init          0x0000000000000000        0x4 /Users/kirby/pebble-dev/PebbleSDK-2.8.1/arm-cs-tools/bin/../lib/gcc/arm-none-eabi/4.7.2/thumb2/crti.o
 .fini          0x0000000000000000        0x4 /Users/kirby/pebble-dev/PebbleSDK-2.8.1/arm-cs-tools/bin/../lib/gcc/arm-none-eabi/4.7.2/thumb2/crti.o
 .text          0x0000000000000000       0xc8 /Users/kirby/pebble-dev/PebbleSDK-2.8.1/arm-cs-tools/bin/../lib/gcc/arm-none-eabi/4.7.2/thumb2/crtbegin.o
 .bss           0x0000000000000000       0x1c /Users/kirby/pebble-dev/PebbleSDK-2.8.1/arm-cs-tools/bin/../lib/gcc/arm-none-eabi/4.7.2/thumb2/crtbegin.o
 .init_array    0x0000000000000000        0x4 /Users/kirby/pebble-dev/PebbleSDK-2.8.1/arm-cs-tools/bin/../lib/gcc/arm-none-eabi/4.7.2/thumb2/crtbegin.o
 .fini_array    0x0000000000000000        0x4 /Users/kirby/pebble-dev/PebbleSDK-2.8.1/arm-cs-tools/bin/../lib/gcc/arm-none-eabi/4.7.2/thumb2/crtbegin.o
 .eh_frame      0x0000000000000000        0x0 /Users/kirby/pebble-dev/PebbleSDK-2.8.1/arm-cs-tools/bin/../lib/gcc/arm-none-eabi/4.7.2/thumb2/crtbegin.o
 .jcr           0x0000000000000000        0x0 /Users/kirby/pebble-dev/PebbleSDK-2.8.1/arm-cs-tools/bin/../lib/gcc/arm-none-eabi/4.7.2/thumb2/crtbegin.o
 .tm_clone_table
                0x0000000000000000        0x0 /Users/kirby/pebble-dev/PebbleSDK-2.8.1/arm-cs-tools/bin/../lib/gcc/arm-none-eabi/4.7.2/thumb2/crtbegin.o
 .text          0x0000000000000000        0x0 src/action-window.c.14.o
 .bss           0x0000000000000000        0x0 src/action-window.c.14.o
 .text          0x0000000000000000        0x0 src/app_msg.c.14.o
 .bss           0x0000000000000000        0x0 src/app_msg.c.14.o
 .text          0x0000000000000000        0x0 src/pebble-app.c.14.o
 .bss           0x0000000000000000        0x0 src/pebble-app.c.14.o
 .text          0x0000000000000000        0x0 appinfo.auto.c.14.o
 .bss           0x0000000000000000        0x0 appinfo.auto.c.14.o
 .bss           0x0000000000000000        0x0 /Users/kirby/pebble-dev/PebbleSDK-2.8.1/Pebble/lib/libpebble.a(tmpL9Cjnwpebble.o)
 .text.accel_data_service_subscribe__deprecated
                0x0000000000000000        0xc /Users/kirby/pebble-dev/PebbleSDK-2.8.1/Pebble/lib/libpebble.a(tmpL9Cjnwpebble.o)
 .text.accel_data_service_unsubscribe
                0x0000000000000000        0xc /Users/kirby/pebble-dev/PebbleSDK-2.8.1/Pebble/lib/libpebble.a(tmpL9Cjnwpebble.o)
 .text.accel_service_peek
                0x0000000000000000        0xc /Users/kirby/pebble-dev/PebbleSDK-2.8.1/Pebble/lib/libpebble.a(tmpL9Cjnwpebble.o)
 .text.accel_service_set_samples_per_update
                0x0000000000000000        0xc /Users/kirby/pebble-dev/PebbleSDK-2.8.1/Pebble/lib/libpebble.a(tmpL9Cjnwpebble.o)
 .text.accel_service_set_sampling_rate
                0x0000000000000000        0xc /Users/kirby/pebble-dev/PebbleSDK-2.8.1/Pebble/lib/libpebble.a(tmpL9Cjnwpebble.o)
 .text.accel_tap_service_subscribe
                0x0000000000000000        0xc /Users/kirby/pebble-dev/PebbleSDK-2.8.1/Pebble/lib/libpebble.a(tmpL9Cjnwpebble.o)
 .text.accel_tap_service_unsubscribe
                0x0000000000000000        0xc /Users/kirby/pebble-dev/PebbleSDK-2.8.1/Pebble/lib/libpebble.a(tmpL9Cjnwpebble.o)
 .text.action_bar_layer_clear_icon
                0x0000000000000000        0xc /Users/kirby/pebble-dev/PebbleSDK-2.8.1/Pebble/lib/libpebble.a(tmpL9Cjnwpebble.o)
 .text.action_bar_layer_get_layer
                0x0000000000000000        0xc /Users/kirby/pebble-dev/PebbleSDK-2.8.1/Pebble/lib/libpebble.a(tmpL9Cjnwpebble.o)
 .text.action_bar_layer_remove_from_window
                0x0000000000000000        0xc /Users/kirby/pebble-dev/PebbleSDK-2.8.1/Pebble/lib/libpebble.a(tmpL9Cjnwpebble.o)
 .text.action_bar_layer_set_background_color
                0x0000000000000000        0xc /Users/kirby/pebble-dev/PebbleSDK-2.8.1/Pebble/lib/libpebble.a(tmpL9Cjnwpebble.o)
 .text.action_bar_layer_set_context
                0x0000000000000000        0xc /Users/kirby/pebble-dev/PebbleSDK-2.8.1/Pebble/lib/libpebble.a(tmpL9Cjnwpebble.o)
 .text.animation_create
                0x0000000000000000        0xc /Users/kirby/pebble-dev/PebbleSDK-2.8.1/Pebble/lib/libpebble.a(tmpL9Cjnwpebble.o)
 .text.animation_destroy
                0x0000000000000000        0xc /Users/kirby/pebble-dev/PebbleSDK-2.8.1/Pebble/lib/libpebble.a(tmpL9Cjnwpebble.o)
 .text.animation_get_context
                0x0000000000000000        0xc /Users/kirby/pebble-dev/PebbleSDK-2.8.1/Pebble/lib/libpebble.a(tmpL9Cjnwpebble.o)
 .text.animation_is_scheduled
                0x0000000000000000        0xc /Users/kirby/pebble-dev/PebbleSDK-2.8.1/Pebble/lib/libpebble.a(tmpL9Cjnwpebble.o)
 .text.animation_schedule
                0x0000000000000000        0xc /Users/kirby/pebble-dev/PebbleSDK-2.8.1/Pebble/lib/libpebble.a(tmpL9Cjnwpebble.o)
 .text.animation_set_curve
                0x0000000000000000        0xc /Users/kirby/pebble-dev/PebbleSDK-2.8.1/Pebble/lib/libpebble.a(tmpL9Cjnwpebble.o)
 .text.animation_set_delay
                0x0000000000000000        0xc /Users/kirby/pebble-dev/PebbleSDK-2.8.1/Pebble/lib/libpebble.a(tmpL9Cjnwpebble.o)
 .text.animation_set_duration
                0x0000000000000000        0xc /Users/kirby/pebble-dev/PebbleSDK-2.8.1/Pebble/lib/libpebble.a(tmpL9Cjnwpebble.o)
 .text.animation_set_handlers
                0x0000000000000000        0xc /Users/kirby/pebble-dev/PebbleSDK-2.8.1/Pebble/lib/libpebble.a(tmpL9Cjnwpebble.o)
 .text.animation_set_implementation
                0x0000000000000000        0xc /Users/kirby/pebble-dev/PebbleSDK-2.8.1/Pebble/lib/libpebble.a(tmpL9Cjnwpebble.o)
 .text.animation_unschedule
                0x0000000000000000        0xc /Users/kirby/pebble-dev/PebbleSDK-2.8.1/Pebble/lib/libpebble.a(tmpL9Cjnwpebble.o)
 .text.animation_unschedule_all
                0x0000000000000000        0xc /Users/kirby/pebble-dev/PebbleSDK-2.8.1/Pebble/lib/libpebble.a(tmpL9Cjnwpebble.o)
 .text.app_comm_get_sniff_interval
                0x0000000000000000        0xc /Users/kirby/pebble-dev/PebbleSDK-2.8.1/Pebble/lib/libpebble.a(tmpL9Cjnwpebble.o)
 .text.app_comm_set_sniff_interval
                0x0000000000000000        0xc /Users/kirby/pebble-dev/PebbleSDK-2.8.1/Pebble/lib/libpebble.a(tmpL9Cjnwpebble.o)
 .text.app_message_deregister_callbacks
                0x0000000000000000        0xc /Users/kirby/pebble-dev/PebbleSDK-2.8.1/Pebble/lib/libpebble.a(tmpL9Cjnwpebble.o)
 .text.app_sync_deinit
                0x0000000000000000        0xc /Users/kirby/pebble-dev/PebbleSDK-2.8.1/Pebble/lib/libpebble.a(tmpL9Cjnwpebble.o)
 .text.app_sync_get
                0x0000000000000000        0xc /Users/kirby/pebble-dev/PebbleSDK-2.8.1/Pebble/lib/libpebble.a(tmpL9Cjnwpebble.o)
 .text.app_sync_init
                0x0000000000000000        0xc /Users/kirby/pebble-dev/PebbleSDK-2.8.1/Pebble/lib/libpebble.a(tmpL9Cjnwpebble.o)
 .text.app_sync_set
                0x0000000000000000        0xc /Users/kirby/pebble-dev/PebbleSDK-2.8.1/Pebble/lib/libpebble.a(tmpL9Cjnwpebble.o)
 .text.app_timer_cancel
                0x0000000000000000        0xc /Users/kirby/pebble-dev/PebbleSDK-2.8.1/Pebble/lib/libpebble.a(tmpL9Cjnwpebble.o)
 .text.app_timer_register
                0x0000000000000000        0xc /Users/kirby/pebble-dev/PebbleSDK-2.8.1/Pebble/lib/libpebble.a(tmpL9Cjnwpebble.o)
 .text.app_timer_reschedule
                0x0000000000000000        0xc /Users/kirby/pebble-dev/PebbleSDK-2.8.1/Pebble/lib/libpebble.a(tmpL9Cjnwpebble.o)
 .text.atan2_lookup
                0x0000000000000000        0xc /Users/kirby/pebble-dev/PebbleSDK-2.8.1/Pebble/lib/libpebble.a(tmpL9Cjnwpebble.o)
 .text.atoi     0x0000000000000000        0xc /Users/kirby/pebble-dev/PebbleSDK-2.8.1/Pebble/lib/libpebble.a(tmpL9Cjnwpebble.o)
 .text.atol     0x0000000000000000        0xc /Users/kirby/pebble-dev/PebbleSDK-2.8.1/Pebble/lib/libpebble.a(tmpL9Cjnwpebble.o)
 .text.battery_state_service_peek
                0x0000000000000000        0xc /Users/kirby/pebble-dev/PebbleSDK-2.8.1/Pebble/lib/libpebble.a(tmpL9Cjnwpebble.o)
 .text.battery_state_service_subscribe
                0x0000000000000000        0xc /Users/kirby/pebble-dev/PebbleSDK-2.8.1/Pebble/lib/libpebble.a(tmpL9Cjnwpebble.o)
 .text.battery_state_service_unsubscribe
                0x0000000000000000        0xc /Users/kirby/pebble-dev/PebbleSDK-2.8.1/Pebble/lib/libpebble.a(tmpL9Cjnwpebble.o)
 .text.bitmap_layer_create
                0x0000000000000000        0xc /Users/kirby/pebble-dev/PebbleSDK-2.8.1/Pebble/lib/libpebble.a(tmpL9Cjnwpebble.o)
 .text.bitmap_layer_destroy
                0x0000000000000000        0xc /Users/kirby/pebble-dev/PebbleSDK-2.8.1/Pebble/lib/libpebble.a(tmpL9Cjnwpebble.o)
 .text.bitmap_layer_get_layer
                0x0000000000000000        0xc /Users/kirby/pebble-dev/PebbleSDK-2.8.1/Pebble/lib/libpebble.a(tmpL9Cjnwpebble.o)
 .text.bitmap_layer_set_alignment
                0x0000000000000000        0xc /Users/kirby/pebble-dev/PebbleSDK-2.8.1/Pebble/lib/libpebble.a(tmpL9Cjnwpebble.o)
 .text.bitmap_layer_set_background_color
                0x0000000000000000        0xc /Users/kirby/pebble-dev/PebbleSDK-2.8.1/Pebble/lib/libpebble.a(tmpL9Cjnwpebble.o)
 .text.bitmap_layer_set_bitmap
                0x0000000000000000        0xc /Users/kirby/pebble-dev/PebbleSDK-2.8.1/Pebble/lib/libpebble.a(tmpL9Cjnwpebble.o)
 .text.bitmap_layer_set_compositing_mode
                0x0000000000000000        0xc /Users/kirby/pebble-dev/PebbleSDK-2.8.1/Pebble/lib/libpebble.a(tmpL9Cjnwpebble.o)
 .text.bluetooth_connection_service_peek
                0x0000000000000000        0xc /Users/kirby/pebble-dev/PebbleSDK-2.8.1/Pebble/lib/libpebble.a(tmpL9Cjnwpebble.o)
 .text.bluetooth_connection_service_subscribe
                0x0000000000000000        0xc /Users/kirby/pebble-dev/PebbleSDK-2.8.1/Pebble/lib/libpebble.a(tmpL9Cjnwpebble.o)
 .text.bluetooth_connection_service_unsubscribe
                0x0000000000000000        0xc /Users/kirby/pebble-dev/PebbleSDK-2.8.1/Pebble/lib/libpebble.a(tmpL9Cjnwpebble.o)
 .text.click_number_of_clicks_counted
                0x0000000000000000        0xc /Users/kirby/pebble-dev/PebbleSDK-2.8.1/Pebble/lib/libpebble.a(tmpL9Cjnwpebble.o)
 .text.click_recognizer_get_button_id
                0x0000000000000000        0xc /Users/kirby/pebble-dev/PebbleSDK-2.8.1/Pebble/lib/libpebble.a(tmpL9Cjnwpebble.o)
 .text.clock_copy_time_string
                0x0000000000000000        0xc /Users/kirby/pebble-dev/PebbleSDK-2.8.1/Pebble/lib/libpebble.a(tmpL9Cjnwpebble.o)
 .text.clock_is_24h_style
                0x0000000000000000        0xc /Users/kirby/pebble-dev/PebbleSDK-2.8.1/Pebble/lib/libpebble.a(tmpL9Cjnwpebble.o)
 .text.cos_lookup
                0x0000000000000000        0xc /Users/kirby/pebble-dev/PebbleSDK-2.8.1/Pebble/lib/libpebble.a(tmpL9Cjnwpebble.o)
 .text.data_logging_create
                0x0000000000000000        0xc /Users/kirby/pebble-dev/PebbleSDK-2.8.1/Pebble/lib/libpebble.a(tmpL9Cjnwpebble.o)
 .text.data_logging_finish
                0x0000000000000000        0xc /Users/kirby/pebble-dev/PebbleSDK-2.8.1/Pebble/lib/libpebble.a(tmpL9Cjnwpebble.o)
 .text.data_logging_log
                0x0000000000000000        0xc /Users/kirby/pebble-dev/PebbleSDK-2.8.1/Pebble/lib/libpebble.a(tmpL9Cjnwpebble.o)
 .text.dict_calc_buffer_size
                0x0000000000000000        0xc /Users/kirby/pebble-dev/PebbleSDK-2.8.1/Pebble/lib/libpebble.a(tmpL9Cjnwpebble.o)
 .text.dict_calc_buffer_size_from_tuplets
                0x0000000000000000        0xc /Users/kirby/pebble-dev/PebbleSDK-2.8.1/Pebble/lib/libpebble.a(tmpL9Cjnwpebble.o)
 .text.dict_find
                0x0000000000000000        0xc /Users/kirby/pebble-dev/PebbleSDK-2.8.1/Pebble/lib/libpebble.a(tmpL9Cjnwpebble.o)
 .text.dict_merge
                0x0000000000000000        0xc /Users/kirby/pebble-dev/PebbleSDK-2.8.1/Pebble/lib/libpebble.a(tmpL9Cjnwpebble.o)
 .text.dict_read_begin_from_buffer
                0x0000000000000000        0xc /Users/kirby/pebble-dev/PebbleSDK-2.8.1/Pebble/lib/libpebble.a(tmpL9Cjnwpebble.o)
 .text.dict_serialize_tuplets
                0x0000000000000000        0xc /Users/kirby/pebble-dev/PebbleSDK-2.8.1/Pebble/lib/libpebble.a(tmpL9Cjnwpebble.o)
 .text.dict_serialize_tuplets_to_buffer__deprecated
                0x0000000000000000        0xc /Users/kirby/pebble-dev/PebbleSDK-2.8.1/Pebble/lib/libpebble.a(tmpL9Cjnwpebble.o)
 .text.dict_serialize_tuplets_to_buffer_with_iter
                0x0000000000000000        0xc /Users/kirby/pebble-dev/PebbleSDK-2.8.1/Pebble/lib/libpebble.a(tmpL9Cjnwpebble.o)
 .text.dict_write_begin
                0x0000000000000000        0xc /Users/kirby/pebble-dev/PebbleSDK-2.8.1/Pebble/lib/libpebble.a(tmpL9Cjnwpebble.o)
 .text.dict_write_data
                0x0000000000000000        0xc /Users/kirby/pebble-dev/PebbleSDK-2.8.1/Pebble/lib/libpebble.a(tmpL9Cjnwpebble.o)
 .text.dict_write_int
                0x0000000000000000        0xc /Users/kirby/pebble-dev/PebbleSDK-2.8.1/Pebble/lib/libpebble.a(tmpL9Cjnwpebble.o)
 .text.dict_write_int16
                0x0000000000000000        0xc /Users/kirby/pebble-dev/PebbleSDK-2.8.1/Pebble/lib/libpebble.a(tmpL9Cjnwpebble.o)
 .text.dict_write_int32
                0x0000000000000000        0xc /Users/kirby/pebble-dev/PebbleSDK-2.8.1/Pebble/lib/libpebble.a(tmpL9Cjnwpebble.o)
 .text.dict_write_int8
                0x0000000000000000        0xc /Users/kirby/pebble-dev/PebbleSDK-2.8.1/Pebble/lib/libpebble.a(tmpL9Cjnwpebble.o)
 .text.dict_write_tuplet
                0x0000000000000000        0xc /Users/kirby/pebble-dev/PebbleSDK-2.8.1/Pebble/lib/libpebble.a(tmpL9Cjnwpebble.o)
 .text.dict_write_uint16
                0x0000000000000000        0xc /Users/kirby/pebble-dev/PebbleSDK-2.8.1/Pebble/lib/libpebble.a(tmpL9Cjnwpebble.o)
 .text.dict_write_uint32
                0x0000000000000000        0xc /Users/kirby/pebble-dev/PebbleSDK-2.8.1/Pebble/lib/libpebble.a(tmpL9Cjnwpebble.o)
 .text.dict_write_uint8
                0x0000000000000000        0xc /Users/kirby/pebble-dev/PebbleSDK-2.8.1/Pebble/lib/libpebble.a(tmpL9Cjnwpebble.o)
 .text.fonts_load_custom_font
                0x0000000000000000        0xc /Users/kirby/pebble-dev/PebbleSDK-2.8.1/Pebble/lib/libpebble.a(tmpL9Cjnwpebble.o)
 .text.fonts_unload_custom_font
                0x0000000000000000        0xc /Users/kirby/pebble-dev/PebbleSDK-2.8.1/Pebble/lib/libpebble.a(tmpL9Cjnwpebble.o)
 .text.free     0x0000000000000000        0xc /Users/kirby/pebble-dev/PebbleSDK-2.8.1/Pebble/lib/libpebble.a(tmpL9Cjnwpebble.o)
 .text.gbitmap_create_as_sub_bitmap
                0x0000000000000000        0xc /Users/kirby/pebble-dev/PebbleSDK-2.8.1/Pebble/lib/libpebble.a(tmpL9Cjnwpebble.o)
 .text.gbitmap_create_with_data
                0x0000000000000000        0xc /Users/kirby/pebble-dev/PebbleSDK-2.8.1/Pebble/lib/libpebble.a(tmpL9Cjnwpebble.o)
 .text.gmtime   0x0000000000000000        0xc /Users/kirby/pebble-dev/PebbleSDK-2.8.1/Pebble/lib/libpebble.a(tmpL9Cjnwpebble.o)
 .text.gpath_create
                0x0000000000000000        0xc /Users/kirby/pebble-dev/PebbleSDK-2.8.1/Pebble/lib/libpebble.a(tmpL9Cjnwpebble.o)
 .text.gpath_destroy
                0x0000000000000000        0xc /Users/kirby/pebble-dev/PebbleSDK-2.8.1/Pebble/lib/libpebble.a(tmpL9Cjnwpebble.o)
 .text.gpath_draw_filled_legacy
                0x0000000000000000        0xc /Users/kirby/pebble-dev/PebbleSDK-2.8.1/Pebble/lib/libpebble.a(tmpL9Cjnwpebble.o)
 .text.gpath_draw_outline
                0x0000000000000000        0xc /Users/kirby/pebble-dev/PebbleSDK-2.8.1/Pebble/lib/libpebble.a(tmpL9Cjnwpebble.o)
 .text.gpath_move_to
                0x0000000000000000        0xc /Users/kirby/pebble-dev/PebbleSDK-2.8.1/Pebble/lib/libpebble.a(tmpL9Cjnwpebble.o)
 .text.gpath_rotate_to
                0x0000000000000000        0xc /Users/kirby/pebble-dev/PebbleSDK-2.8.1/Pebble/lib/libpebble.a(tmpL9Cjnwpebble.o)
 .text.gpoint_equal
                0x0000000000000000        0xc /Users/kirby/pebble-dev/PebbleSDK-2.8.1/Pebble/lib/libpebble.a(tmpL9Cjnwpebble.o)
 .text.graphics_context_set_compositing_mode
                0x0000000000000000        0xc /Users/kirby/pebble-dev/PebbleSDK-2.8.1/Pebble/lib/libpebble.a(tmpL9Cjnwpebble.o)
 .text.graphics_context_set_fill_color
                0x0000000000000000        0xc /Users/kirby/pebble-dev/PebbleSDK-2.8.1/Pebble/lib/libpebble.a(tmpL9Cjnwpebble.o)
 .text.graphics_context_set_stroke_color
                0x0000000000000000        0xc /Users/kirby/pebble-dev/PebbleSDK-2.8.1/Pebble/lib/libpebble.a(tmpL9Cjnwpebble.o)
 .text.graphics_context_set_text_color
                0x0000000000000000        0xc /Users/kirby/pebble-dev/PebbleSDK-2.8.1/Pebble/lib/libpebble.a(tmpL9Cjnwpebble.o)
 .text.graphics_draw_bitmap_in_rect
                0x0000000000000000        0xc /Users/kirby/pebble-dev/PebbleSDK-2.8.1/Pebble/lib/libpebble.a(tmpL9Cjnwpebble.o)
 .text.graphics_draw_circle
                0x0000000000000000        0xc /Users/kirby/pebble-dev/PebbleSDK-2.8.1/Pebble/lib/libpebble.a(tmpL9Cjnwpebble.o)
 .text.graphics_draw_line
                0x0000000000000000        0xc /Users/kirby/pebble-dev/PebbleSDK-2.8.1/Pebble/lib/libpebble.a(tmpL9Cjnwpebble.o)
 .text.graphics_draw_pixel
                0x0000000000000000        0xc /Users/kirby/pebble-dev/PebbleSDK-2.8.1/Pebble/lib/libpebble.a(tmpL9Cjnwpebble.o)
 .text.graphics_draw_rect
                0x0000000000000000        0xc /Users/kirby/pebble-dev/PebbleSDK-2.8.1/Pebble/lib/libpebble.a(tmpL9Cjnwpebble.o)
 .text.graphics_draw_round_rect
                0x0000000000000000        0xc /Users/kirby/pebble-dev/PebbleSDK-2.8.1/Pebble/lib/libpebble.a(tmpL9Cjnwpebble.o)
 .text.graphics_fill_circle
                0x0000000000000000        0xc /Users/kirby/pebble-dev/PebbleSDK-2.8.1/Pebble/lib/libpebble.a(tmpL9Cjnwpebble.o)
 .text.graphics_fill_rect
                0x0000000000000000        0xc /Users/kirby/pebble-dev/PebbleSDK-2.8.1/Pebble/lib/libpebble.a(tmpL9Cjnwpebble.o)
 .text.graphics_text_layout_get_max_used_size
                0x0000000000000000        0xc /Users/kirby/pebble-dev/PebbleSDK-2.8.1/Pebble/lib/libpebble.a(tmpL9Cjnwpebble.o)
 .text.grect_align
                0x0000000000000000        0xc /Users/kirby/pebble-dev/PebbleSDK-2.8.1/Pebble/lib/libpebble.a(tmpL9Cjnwpebble.o)
 .text.grect_center_point
                0x0000000000000000        0xc /Users/kirby/pebble-dev/PebbleSDK-2.8.1/Pebble/lib/libpebble.a(tmpL9Cjnwpebble.o)
 .text.grect_clip
                0x0000000000000000        0xc /Users/kirby/pebble-dev/PebbleSDK-2.8.1/Pebble/lib/libpebble.a(tmpL9Cjnwpebble.o)
 .text.grect_contains_point
                0x0000000000000000        0xc /Users/kirby/pebble-dev/PebbleSDK-2.8.1/Pebble/lib/libpebble.a(tmpL9Cjnwpebble.o)
 .text.grect_crop
                0x0000000000000000        0xc /Users/kirby/pebble-dev/PebbleSDK-2.8.1/Pebble/lib/libpebble.a(tmpL9Cjnwpebble.o)
 .text.grect_equal
                0x0000000000000000        0xc /Users/kirby/pebble-dev/PebbleSDK-2.8.1/Pebble/lib/libpebble.a(tmpL9Cjnwpebble.o)
 .text.grect_is_empty
                0x0000000000000000        0xc /Users/kirby/pebble-dev/PebbleSDK-2.8.1/Pebble/lib/libpebble.a(tmpL9Cjnwpebble.o)
 .text.grect_standardize
                0x0000000000000000        0xc /Users/kirby/pebble-dev/PebbleSDK-2.8.1/Pebble/lib/libpebble.a(tmpL9Cjnwpebble.o)
 .text.gsize_equal
                0x0000000000000000        0xc /Users/kirby/pebble-dev/PebbleSDK-2.8.1/Pebble/lib/libpebble.a(tmpL9Cjnwpebble.o)
 .text.inverter_layer_create
                0x0000000000000000        0xc /Users/kirby/pebble-dev/PebbleSDK-2.8.1/Pebble/lib/libpebble.a(tmpL9Cjnwpebble.o)
 .text.inverter_layer_destroy
                0x0000000000000000        0xc /Users/kirby/pebble-dev/PebbleSDK-2.8.1/Pebble/lib/libpebble.a(tmpL9Cjnwpebble.o)
 .text.inverter_layer_get_layer
                0x0000000000000000        0xc /Users/kirby/pebble-dev/PebbleSDK-2.8.1/Pebble/lib/libpebble.a(tmpL9Cjnwpebble.o)
 .text.layer_create
                0x0000000000000000        0xc /Users/kirby/pebble-dev/PebbleSDK-2.8.1/Pebble/lib/libpebble.a(tmpL9Cjnwpebble.o)
 .text.layer_create_with_data
                0x0000000000000000        0xc /Users/kirby/pebble-dev/PebbleSDK-2.8.1/Pebble/lib/libpebble.a(tmpL9Cjnwpebble.o)
 .text.layer_destroy
                0x0000000000000000        0xc /Users/kirby/pebble-dev/PebbleSDK-2.8.1/Pebble/lib/libpebble.a(tmpL9Cjnwpebble.o)
 .text.layer_get_bounds
                0x0000000000000000        0xc /Users/kirby/pebble-dev/PebbleSDK-2.8.1/Pebble/lib/libpebble.a(tmpL9Cjnwpebble.o)
 .text.layer_get_clips
                0x0000000000000000        0xc /Users/kirby/pebble-dev/PebbleSDK-2.8.1/Pebble/lib/libpebble.a(tmpL9Cjnwpebble.o)
 .text.layer_get_data
                0x0000000000000000        0xc /Users/kirby/pebble-dev/PebbleSDK-2.8.1/Pebble/lib/libpebble.a(tmpL9Cjnwpebble.o)
 .text.layer_get_hidden
                0x0000000000000000        0xc /Users/kirby/pebble-dev/PebbleSDK-2.8.1/Pebble/lib/libpebble.a(tmpL9Cjnwpebble.o)
 .text.layer_get_window
                0x0000000000000000        0xc /Users/kirby/pebble-dev/PebbleSDK-2.8.1/Pebble/lib/libpebble.a(tmpL9Cjnwpebble.o)
 .text.layer_insert_above_sibling
                0x0000000000000000        0xc /Users/kirby/pebble-dev/PebbleSDK-2.8.1/Pebble/lib/libpebble.a(tmpL9Cjnwpebble.o)
 .text.layer_insert_below_sibling
                0x0000000000000000        0xc /Users/kirby/pebble-dev/PebbleSDK-2.8.1/Pebble/lib/libpebble.a(tmpL9Cjnwpebble.o)
 .text.layer_mark_dirty
                0x0000000000000000        0xc /Users/kirby/pebble-dev/PebbleSDK-2.8.1/Pebble/lib/libpebble.a(tmpL9Cjnwpebble.o)
 .text.layer_remove_child_layers
                0x0000000000000000        0xc /Users/kirby/pebble-dev/PebbleSDK-2.8.1/Pebble/lib/libpebble.a(tmpL9Cjnwpebble.o)
 .text.layer_remove_from_parent
                0x0000000000000000        0xc /Users/kirby/pebble-dev/PebbleSDK-2.8.1/Pebble/lib/libpebble.a(tmpL9Cjnwpebble.o)
 .text.layer_set_bounds
                0x0000000000000000        0xc /Users/kirby/pebble-dev/PebbleSDK-2.8.1/Pebble/lib/libpebble.a(tmpL9Cjnwpebble.o)
 .text.layer_set_clips
                0x0000000000000000        0xc /Users/kirby/pebble-dev/PebbleSDK-2.8.1/Pebble/lib/libpebble.a(tmpL9Cjnwpebble.o)
 .text.layer_set_frame
                0x0000000000000000        0xc /Users/kirby/pebble-dev/PebbleSDK-2.8.1/Pebble/lib/libpebble.a(tmpL9Cjnwpebble.o)
 .text.layer_set_hidden
                0x0000000000000000        0xc /Users/kirby/pebble-dev/PebbleSDK-2.8.1/Pebble/lib/libpebble.a(tmpL9Cjnwpebble.o)
 .text.layer_set_update_proc
                0x0000000000000000        0xc /Users/kirby/pebble-dev/PebbleSDK-2.8.1/Pebble/lib/libpebble.a(tmpL9Cjnwpebble.o)
 .text.light_enable
                0x0000000000000000        0xc /Users/kirby/pebble-dev/PebbleSDK-2.8.1/Pebble/lib/libpebble.a(tmpL9Cjnwpebble.o)
 .text.light_enable_interaction
                0x0000000000000000        0xc /Users/kirby/pebble-dev/PebbleSDK-2.8.1/Pebble/lib/libpebble.a(tmpL9Cjnwpebble.o)
 .text.localtime
                0x0000000000000000        0xc /Users/kirby/pebble-dev/PebbleSDK-2.8.1/Pebble/lib/libpebble.a(tmpL9Cjnwpebble.o)
 .text.malloc   0x0000000000000000        0xc /Users/kirby/pebble-dev/PebbleSDK-2.8.1/Pebble/lib/libpebble.a(tmpL9Cjnwpebble.o)
 .text.memcpy   0x0000000000000000        0xc /Users/kirby/pebble-dev/PebbleSDK-2.8.1/Pebble/lib/libpebble.a(tmpL9Cjnwpebble.o)
 .text.memmove  0x0000000000000000        0xc /Users/kirby/pebble-dev/PebbleSDK-2.8.1/Pebble/lib/libpebble.a(tmpL9Cjnwpebble.o)
 .text.menu_cell_title_draw
                0x0000000000000000        0xc /Users/kirby/pebble-dev/PebbleSDK-2.8.1/Pebble/lib/libpebble.a(tmpL9Cjnwpebble.o)
 .text.menu_index_compare
                0x0000000000000000        0xc /Users/kirby/pebble-dev/PebbleSDK-2.8.1/Pebble/lib/libpebble.a(tmpL9Cjnwpebble.o)
 .text.menu_layer_get_scroll_layer
                0x0000000000000000        0xc /Users/kirby/pebble-dev/PebbleSDK-2.8.1/Pebble/lib/libpebble.a(tmpL9Cjnwpebble.o)
 .text.menu_layer_get_selected_index
                0x0000000000000000        0xc /Users/kirby/pebble-dev/PebbleSDK-2.8.1/Pebble/lib/libpebble.a(tmpL9Cjnwpebble.o)
 .text.menu_layer_set_callbacks__deprecated
                0x0000000000000000        0xc /Users/kirby/pebble-dev/PebbleSDK-2.8.1/Pebble/lib/libpebble.a(tmpL9Cjnwpebble.o)
 .text.menu_layer_set_selected_index
                0x0000000000000000        0xc /Users/kirby/pebble-dev/PebbleSDK-2.8.1/Pebble/lib/libpebble.a(tmpL9Cjnwpebble.o)
 .text.menu_layer_set_selected_next
                0x0000000000000000        0xc /Users/kirby/pebble-dev/PebbleSDK-2.8.1/Pebble/lib/libpebble.a(tmpL9Cjnwpebble.o)
 .text.number_window_create
                0x0000000000000000        0xc /Users/kirby/pebble-dev/PebbleSDK-2.8.1/Pebble/lib/libpebble.a(tmpL9Cjnwpebble.o)
 .text.number_window_destroy
                0x0000000000000000        0xc /Users/kirby/pebble-dev/PebbleSDK-2.8.1/Pebble/lib/libpebble.a(tmpL9Cjnwpebble.o)
 .text.number_window_get_value
                0x0000000000000000        0xc /Users/kirby/pebble-dev/PebbleSDK-2.8.1/Pebble/lib/libpebble.a(tmpL9Cjnwpebble.o)
 .text.number_window_set_label
                0x0000000000000000        0xc /Users/kirby/pebble-dev/PebbleSDK-2.8.1/Pebble/lib/libpebble.a(tmpL9Cjnwpebble.o)
 .text.number_window_set_max
                0x0000000000000000        0xc /Users/kirby/pebble-dev/PebbleSDK-2.8.1/Pebble/lib/libpebble.a(tmpL9Cjnwpebble.o)
 .text.number_window_set_min
                0x0000000000000000        0xc /Users/kirby/pebble-dev/PebbleSDK-2.8.1/Pebble/lib/libpebble.a(tmpL9Cjnwpebble.o)
 .text.number_window_set_step_size
                0x0000000000000000        0xc /Users/kirby/pebble-dev/PebbleSDK-2.8.1/Pebble/lib/libpebble.a(tmpL9Cjnwpebble.o)
 .text.number_window_set_value
                0x0000000000000000        0xc /Users/kirby/pebble-dev/PebbleSDK-2.8.1/Pebble/lib/libpebble.a(tmpL9Cjnwpebble.o)
 .text.persist_delete
                0x0000000000000000        0xc /Users/kirby/pebble-dev/PebbleSDK-2.8.1/Pebble/lib/libpebble.a(tmpL9Cjnwpebble.o)
 .text.persist_exists
                0x0000000000000000        0xc /Users/kirby/pebble-dev/PebbleSDK-2.8.1/Pebble/lib/libpebble.a(tmpL9Cjnwpebble.o)
 .text.persist_get_size
                0x0000000000000000        0xc /Users/kirby/pebble-dev/PebbleSDK-2.8.1/Pebble/lib/libpebble.a(tmpL9Cjnwpebble.o)
 .text.persist_read_bool
                0x0000000000000000        0xc /Users/kirby/pebble-dev/PebbleSDK-2.8.1/Pebble/lib/libpebble.a(tmpL9Cjnwpebble.o)
 .text.persist_read_data__deprecated
                0x0000000000000000        0xc /Users/kirby/pebble-dev/PebbleSDK-2.8.1/Pebble/lib/libpebble.a(tmpL9Cjnwpebble.o)
 .text.persist_read_int
                0x0000000000000000        0xc /Users/kirby/pebble-dev/PebbleSDK-2.8.1/Pebble/lib/libpebble.a(tmpL9Cjnwpebble.o)
 .text.persist_read_string__deprecated
                0x0000000000000000        0xc /Users/kirby/pebble-dev/PebbleSDK-2.8.1/Pebble/lib/libpebble.a(tmpL9Cjnwpebble.o)
 .text.persist_write_bool
                0x0000000000000000        0xc /Users/kirby/pebble-dev/PebbleSDK-2.8.1/Pebble/lib/libpebble.a(tmpL9Cjnwpebble.o)
 .text.persist_write_data__deprecated
                0x0000000000000000        0xc /Users/kirby/pebble-dev/PebbleSDK-2.8.1/Pebble/lib/libpebble.a(tmpL9Cjnwpebble.o)
 .text.persist_write_int
                0x0000000000000000        0xc /Users/kirby/pebble-dev/PebbleSDK-2.8.1/Pebble/lib/libpebble.a(tmpL9Cjnwpebble.o)
 .text.persist_write_string
                0x0000000000000000        0xc /Users/kirby/pebble-dev/PebbleSDK-2.8.1/Pebble/lib/libpebble.a(tmpL9Cjnwpebble.o)
 .text.property_animation_create
                0x0000000000000000        0xc /Users/kirby/pebble-dev/PebbleSDK-2.8.1/Pebble/lib/libpebble.a(tmpL9Cjnwpebble.o)
 .text.property_animation_create_layer_frame
                0x0000000000000000        0xc /Users/kirby/pebble-dev/PebbleSDK-2.8.1/Pebble/lib/libpebble.a(tmpL9Cjnwpebble.o)
 .text.property_animation_destroy
                0x0000000000000000        0xc /Users/kirby/pebble-dev/PebbleSDK-2.8.1/Pebble/lib/libpebble.a(tmpL9Cjnwpebble.o)
 .text.property_animation_update_gpoint
                0x0000000000000000        0xc /Users/kirby/pebble-dev/PebbleSDK-2.8.1/Pebble/lib/libpebble.a(tmpL9Cjnwpebble.o)
 .text.property_animation_update_grect
                0x0000000000000000        0xc /Users/kirby/pebble-dev/PebbleSDK-2.8.1/Pebble/lib/libpebble.a(tmpL9Cjnwpebble.o)
 .text.property_animation_update_int16
                0x0000000000000000        0xc /Users/kirby/pebble-dev/PebbleSDK-2.8.1/Pebble/lib/libpebble.a(tmpL9Cjnwpebble.o)
 .text.psleep   0x0000000000000000        0xc /Users/kirby/pebble-dev/PebbleSDK-2.8.1/Pebble/lib/libpebble.a(tmpL9Cjnwpebble.o)
 .text.rand     0x0000000000000000        0xc /Users/kirby/pebble-dev/PebbleSDK-2.8.1/Pebble/lib/libpebble.a(tmpL9Cjnwpebble.o)
 .text.resource_get_handle
                0x0000000000000000        0xc /Users/kirby/pebble-dev/PebbleSDK-2.8.1/Pebble/lib/libpebble.a(tmpL9Cjnwpebble.o)
 .text.resource_load
                0x0000000000000000        0xc /Users/kirby/pebble-dev/PebbleSDK-2.8.1/Pebble/lib/libpebble.a(tmpL9Cjnwpebble.o)
 .text.resource_load_byte_range
                0x0000000000000000        0xc /Users/kirby/pebble-dev/PebbleSDK-2.8.1/Pebble/lib/libpebble.a(tmpL9Cjnwpebble.o)
 .text.resource_size
                0x0000000000000000        0xc /Users/kirby/pebble-dev/PebbleSDK-2.8.1/Pebble/lib/libpebble.a(tmpL9Cjnwpebble.o)
 .text.rot_bitmap_layer_create
                0x0000000000000000        0xc /Users/kirby/pebble-dev/PebbleSDK-2.8.1/Pebble/lib/libpebble.a(tmpL9Cjnwpebble.o)
 .text.rot_bitmap_layer_destroy
                0x0000000000000000        0xc /Users/kirby/pebble-dev/PebbleSDK-2.8.1/Pebble/lib/libpebble.a(tmpL9Cjnwpebble.o)
 .text.rot_bitmap_layer_increment_angle
                0x0000000000000000        0xc /Users/kirby/pebble-dev/PebbleSDK-2.8.1/Pebble/lib/libpebble.a(tmpL9Cjnwpebble.o)
 .text.rot_bitmap_layer_set_angle
                0x0000000000000000        0xc /Users/kirby/pebble-dev/PebbleSDK-2.8.1/Pebble/lib/libpebble.a(tmpL9Cjnwpebble.o)
 .text.rot_bitmap_layer_set_corner_clip_color
                0x0000000000000000        0xc /Users/kirby/pebble-dev/PebbleSDK-2.8.1/Pebble/lib/libpebble.a(tmpL9Cjnwpebble.o)
 .text.rot_bitmap_set_compositing_mode
                0x0000000000000000        0xc /Users/kirby/pebble-dev/PebbleSDK-2.8.1/Pebble/lib/libpebble.a(tmpL9Cjnwpebble.o)
 .text.rot_bitmap_set_src_ic
                0x0000000000000000        0xc /Users/kirby/pebble-dev/PebbleSDK-2.8.1/Pebble/lib/libpebble.a(tmpL9Cjnwpebble.o)
 .text.scroll_layer_add_child
                0x0000000000000000        0xc /Users/kirby/pebble-dev/PebbleSDK-2.8.1/Pebble/lib/libpebble.a(tmpL9Cjnwpebble.o)
 .text.scroll_layer_create
                0x0000000000000000        0xc /Users/kirby/pebble-dev/PebbleSDK-2.8.1/Pebble/lib/libpebble.a(tmpL9Cjnwpebble.o)
 .text.scroll_layer_destroy
                0x0000000000000000        0xc /Users/kirby/pebble-dev/PebbleSDK-2.8.1/Pebble/lib/libpebble.a(tmpL9Cjnwpebble.o)
 .text.scroll_layer_get_content_offset
                0x0000000000000000        0xc /Users/kirby/pebble-dev/PebbleSDK-2.8.1/Pebble/lib/libpebble.a(tmpL9Cjnwpebble.o)
 .text.scroll_layer_get_content_size
                0x0000000000000000        0xc /Users/kirby/pebble-dev/PebbleSDK-2.8.1/Pebble/lib/libpebble.a(tmpL9Cjnwpebble.o)
 .text.scroll_layer_get_layer
                0x0000000000000000        0xc /Users/kirby/pebble-dev/PebbleSDK-2.8.1/Pebble/lib/libpebble.a(tmpL9Cjnwpebble.o)
 .text.scroll_layer_get_shadow_hidden
                0x0000000000000000        0xc /Users/kirby/pebble-dev/PebbleSDK-2.8.1/Pebble/lib/libpebble.a(tmpL9Cjnwpebble.o)
 .text.scroll_layer_scroll_down_click_handler
                0x0000000000000000        0xc /Users/kirby/pebble-dev/PebbleSDK-2.8.1/Pebble/lib/libpebble.a(tmpL9Cjnwpebble.o)
 .text.scroll_layer_scroll_up_click_handler
                0x0000000000000000        0xc /Users/kirby/pebble-dev/PebbleSDK-2.8.1/Pebble/lib/libpebble.a(tmpL9Cjnwpebble.o)
 .text.scroll_layer_set_callbacks
                0x0000000000000000        0xc /Users/kirby/pebble-dev/PebbleSDK-2.8.1/Pebble/lib/libpebble.a(tmpL9Cjnwpebble.o)
 .text.scroll_layer_set_click_config_onto_window
                0x0000000000000000        0xc /Users/kirby/pebble-dev/PebbleSDK-2.8.1/Pebble/lib/libpebble.a(tmpL9Cjnwpebble.o)
 .text.scroll_layer_set_content_offset
                0x0000000000000000        0xc /Users/kirby/pebble-dev/PebbleSDK-2.8.1/Pebble/lib/libpebble.a(tmpL9Cjnwpebble.o)
 .text.scroll_layer_set_content_size
                0x0000000000000000        0xc /Users/kirby/pebble-dev/PebbleSDK-2.8.1/Pebble/lib/libpebble.a(tmpL9Cjnwpebble.o)
 .text.scroll_layer_set_context
                0x0000000000000000        0xc /Users/kirby/pebble-dev/PebbleSDK-2.8.1/Pebble/lib/libpebble.a(tmpL9Cjnwpebble.o)
 .text.scroll_layer_set_frame
                0x0000000000000000        0xc /Users/kirby/pebble-dev/PebbleSDK-2.8.1/Pebble/lib/libpebble.a(tmpL9Cjnwpebble.o)
 .text.scroll_layer_set_shadow_hidden
                0x0000000000000000        0xc /Users/kirby/pebble-dev/PebbleSDK-2.8.1/Pebble/lib/libpebble.a(tmpL9Cjnwpebble.o)
 .text.simple_menu_layer_create
                0x0000000000000000        0xc /Users/kirby/pebble-dev/PebbleSDK-2.8.1/Pebble/lib/libpebble.a(tmpL9Cjnwpebble.o)
 .text.simple_menu_layer_destroy
                0x0000000000000000        0xc /Users/kirby/pebble-dev/PebbleSDK-2.8.1/Pebble/lib/libpebble.a(tmpL9Cjnwpebble.o)
 .text.simple_menu_layer_get_layer
                0x0000000000000000        0xc /Users/kirby/pebble-dev/PebbleSDK-2.8.1/Pebble/lib/libpebble.a(tmpL9Cjnwpebble.o)
 .text.simple_menu_layer_get_selected_index
                0x0000000000000000        0xc /Users/kirby/pebble-dev/PebbleSDK-2.8.1/Pebble/lib/libpebble.a(tmpL9Cjnwpebble.o)
 .text.simple_menu_layer_set_selected_index
                0x0000000000000000        0xc /Users/kirby/pebble-dev/PebbleSDK-2.8.1/Pebble/lib/libpebble.a(tmpL9Cjnwpebble.o)
 .text.sin_lookup
                0x0000000000000000        0xc /Users/kirby/pebble-dev/PebbleSDK-2.8.1/Pebble/lib/libpebble.a(tmpL9Cjnwpebble.o)
 .text.srand    0x0000000000000000        0xc /Users/kirby/pebble-dev/PebbleSDK-2.8.1/Pebble/lib/libpebble.a(tmpL9Cjnwpebble.o)
 .text.strcat   0x0000000000000000        0xc /Users/kirby/pebble-dev/PebbleSDK-2.8.1/Pebble/lib/libpebble.a(tmpL9Cjnwpebble.o)
 .text.strcmp   0x0000000000000000        0xc /Users/kirby/pebble-dev/PebbleSDK-2.8.1/Pebble/lib/libpebble.a(tmpL9Cjnwpebble.o)
 .text.strftime
                0x0000000000000000        0xc /Users/kirby/pebble-dev/PebbleSDK-2.8.1/Pebble/lib/libpebble.a(tmpL9Cjnwpebble.o)
 .text.strlen   0x0000000000000000        0xc /Users/kirby/pebble-dev/PebbleSDK-2.8.1/Pebble/lib/libpebble.a(tmpL9Cjnwpebble.o)
 .text.strncat  0x0000000000000000        0xc /Users/kirby/pebble-dev/PebbleSDK-2.8.1/Pebble/lib/libpebble.a(tmpL9Cjnwpebble.o)
 .text.strncmp  0x0000000000000000        0xc /Users/kirby/pebble-dev/PebbleSDK-2.8.1/Pebble/lib/libpebble.a(tmpL9Cjnwpebble.o)
 .text.strncpy  0x0000000000000000        0xc /Users/kirby/pebble-dev/PebbleSDK-2.8.1/Pebble/lib/libpebble.a(tmpL9Cjnwpebble.o)
 .text.text_layer_get_content_size
                0x0000000000000000        0xc /Users/kirby/pebble-dev/PebbleSDK-2.8.1/Pebble/lib/libpebble.a(tmpL9Cjnwpebble.o)
 .text.text_layer_get_text
                0x0000000000000000        0xc /Users/kirby/pebble-dev/PebbleSDK-2.8.1/Pebble/lib/libpebble.a(tmpL9Cjnwpebble.o)
 .text.text_layer_set_size
                0x0000000000000000        0xc /Users/kirby/pebble-dev/PebbleSDK-2.8.1/Pebble/lib/libpebble.a(tmpL9Cjnwpebble.o)
 .text.text_layer_set_text_alignment
                0x0000000000000000        0xc /Users/kirby/pebble-dev/PebbleSDK-2.8.1/Pebble/lib/libpebble.a(tmpL9Cjnwpebble.o)
 .text.tick_timer_service_subscribe
                0x0000000000000000        0xc /Users/kirby/pebble-dev/PebbleSDK-2.8.1/Pebble/lib/libpebble.a(tmpL9Cjnwpebble.o)
 .text.tick_timer_service_unsubscribe
                0x0000000000000000        0xc /Users/kirby/pebble-dev/PebbleSDK-2.8.1/Pebble/lib/libpebble.a(tmpL9Cjnwpebble.o)
 .text.time     0x0000000000000000        0xc /Users/kirby/pebble-dev/PebbleSDK-2.8.1/Pebble/lib/libpebble.a(tmpL9Cjnwpebble.o)
 .text.time_ms  0x0000000000000000        0xc /Users/kirby/pebble-dev/PebbleSDK-2.8.1/Pebble/lib/libpebble.a(tmpL9Cjnwpebble.o)
 .text.vibes_cancel
                0x0000000000000000        0xc /Users/kirby/pebble-dev/PebbleSDK-2.8.1/Pebble/lib/libpebble.a(tmpL9Cjnwpebble.o)
 .text.vibes_double_pulse
                0x0000000000000000        0xc /Users/kirby/pebble-dev/PebbleSDK-2.8.1/Pebble/lib/libpebble.a(tmpL9Cjnwpebble.o)
 .text.vibes_enqueue_custom_pattern
                0x0000000000000000        0xc /Users/kirby/pebble-dev/PebbleSDK-2.8.1/Pebble/lib/libpebble.a(tmpL9Cjnwpebble.o)
 .text.vibes_long_pulse
                0x0000000000000000        0xc /Users/kirby/pebble-dev/PebbleSDK-2.8.1/Pebble/lib/libpebble.a(tmpL9Cjnwpebble.o)
 .text.vibes_short_pulse
                0x0000000000000000        0xc /Users/kirby/pebble-dev/PebbleSDK-2.8.1/Pebble/lib/libpebble.a(tmpL9Cjnwpebble.o)
 .text.window_get_click_config_provider
                0x0000000000000000        0xc /Users/kirby/pebble-dev/PebbleSDK-2.8.1/Pebble/lib/libpebble.a(tmpL9Cjnwpebble.o)
 .text.window_get_fullscreen
                0x0000000000000000        0xc /Users/kirby/pebble-dev/PebbleSDK-2.8.1/Pebble/lib/libpebble.a(tmpL9Cjnwpebble.o)
 .text.window_is_loaded
                0x0000000000000000        0xc /Users/kirby/pebble-dev/PebbleSDK-2.8.1/Pebble/lib/libpebble.a(tmpL9Cjnwpebble.o)
 .text.window_set_background_color
                0x0000000000000000        0xc /Users/kirby/pebble-dev/PebbleSDK-2.8.1/Pebble/lib/libpebble.a(tmpL9Cjnwpebble.o)
 .text.window_set_click_config_provider
                0x0000000000000000        0xc /Users/kirby/pebble-dev/PebbleSDK-2.8.1/Pebble/lib/libpebble.a(tmpL9Cjnwpebble.o)
 .text.window_set_click_config_provider_with_context
                0x0000000000000000        0xc /Users/kirby/pebble-dev/PebbleSDK-2.8.1/Pebble/lib/libpebble.a(tmpL9Cjnwpebble.o)
 .text.window_set_fullscreen
                0x0000000000000000        0xc /Users/kirby/pebble-dev/PebbleSDK-2.8.1/Pebble/lib/libpebble.a(tmpL9Cjnwpebble.o)
 .text.window_set_status_bar_icon
                0x0000000000000000        0xc /Users/kirby/pebble-dev/PebbleSDK-2.8.1/Pebble/lib/libpebble.a(tmpL9Cjnwpebble.o)
 .text.window_stack_contains_window
                0x0000000000000000        0xc /Users/kirby/pebble-dev/PebbleSDK-2.8.1/Pebble/lib/libpebble.a(tmpL9Cjnwpebble.o)
 .text.window_stack_get_top_window
                0x0000000000000000        0xc /Users/kirby/pebble-dev/PebbleSDK-2.8.1/Pebble/lib/libpebble.a(tmpL9Cjnwpebble.o)
 .text.window_stack_pop
                0x0000000000000000        0xc /Users/kirby/pebble-dev/PebbleSDK-2.8.1/Pebble/lib/libpebble.a(tmpL9Cjnwpebble.o)
 .text.window_stack_pop_all
                0x0000000000000000        0xc /Users/kirby/pebble-dev/PebbleSDK-2.8.1/Pebble/lib/libpebble.a(tmpL9Cjnwpebble.o)
 .text.window_stack_remove
                0x0000000000000000        0xc /Users/kirby/pebble-dev/PebbleSDK-2.8.1/Pebble/lib/libpebble.a(tmpL9Cjnwpebble.o)
 .text.app_focus_service_subscribe
                0x0000000000000000        0xc /Users/kirby/pebble-dev/PebbleSDK-2.8.1/Pebble/lib/libpebble.a(tmpL9Cjnwpebble.o)
 .text.app_focus_service_unsubscribe
                0x0000000000000000        0xc /Users/kirby/pebble-dev/PebbleSDK-2.8.1/Pebble/lib/libpebble.a(tmpL9Cjnwpebble.o)
 .text.window_get_user_data
                0x0000000000000000        0xc /Users/kirby/pebble-dev/PebbleSDK-2.8.1/Pebble/lib/libpebble.a(tmpL9Cjnwpebble.o)
 .text.window_set_user_data
                0x0000000000000000        0xc /Users/kirby/pebble-dev/PebbleSDK-2.8.1/Pebble/lib/libpebble.a(tmpL9Cjnwpebble.o)
 .text.app_message_get_context
                0x0000000000000000        0xc /Users/kirby/pebble-dev/PebbleSDK-2.8.1/Pebble/lib/libpebble.a(tmpL9Cjnwpebble.o)
 .text.app_message_set_context
                0x0000000000000000        0xc /Users/kirby/pebble-dev/PebbleSDK-2.8.1/Pebble/lib/libpebble.a(tmpL9Cjnwpebble.o)
 .text.window_long_click_subscribe
                0x0000000000000000        0xc /Users/kirby/pebble-dev/PebbleSDK-2.8.1/Pebble/lib/libpebble.a(tmpL9Cjnwpebble.o)
 .text.window_multi_click_subscribe
                0x0000000000000000        0xc /Users/kirby/pebble-dev/PebbleSDK-2.8.1/Pebble/lib/libpebble.a(tmpL9Cjnwpebble.o)
 .text.window_raw_click_subscribe
                0x0000000000000000        0xc /Users/kirby/pebble-dev/PebbleSDK-2.8.1/Pebble/lib/libpebble.a(tmpL9Cjnwpebble.o)
 .text.window_set_click_context
                0x0000000000000000        0xc /Users/kirby/pebble-dev/PebbleSDK-2.8.1/Pebble/lib/libpebble.a(tmpL9Cjnwpebble.o)
 .text.window_single_repeating_click_subscribe
                0x0000000000000000        0xc /Users/kirby/pebble-dev/PebbleSDK-2.8.1/Pebble/lib/libpebble.a(tmpL9Cjnwpebble.o)
 .text.graphics_draw_text
                0x0000000000000000        0xc /Users/kirby/pebble-dev/PebbleSDK-2.8.1/Pebble/lib/libpebble.a(tmpL9Cjnwpebble.o)
 .text.dict_serialize_tuplets_to_buffer
                0x0000000000000000        0xc /Users/kirby/pebble-dev/PebbleSDK-2.8.1/Pebble/lib/libpebble.a(tmpL9Cjnwpebble.o)
 .text.persist_read_data
                0x0000000000000000        0xc /Users/kirby/pebble-dev/PebbleSDK-2.8.1/Pebble/lib/libpebble.a(tmpL9Cjnwpebble.o)
 .text.persist_read_string
                0x0000000000000000        0xc /Users/kirby/pebble-dev/PebbleSDK-2.8.1/Pebble/lib/libpebble.a(tmpL9Cjnwpebble.o)
 .text.persist_write_data
                0x0000000000000000        0xc /Users/kirby/pebble-dev/PebbleSDK-2.8.1/Pebble/lib/libpebble.a(tmpL9Cjnwpebble.o)
 .text.dict_size
                0x0000000000000000        0xc /Users/kirby/pebble-dev/PebbleSDK-2.8.1/Pebble/lib/libpebble.a(tmpL9Cjnwpebble.o)
 .text.graphics_text_layout_get_content_size
                0x0000000000000000        0xc /Users/kirby/pebble-dev/PebbleSDK-2.8.1/Pebble/lib/libpebble.a(tmpL9Cjnwpebble.o)
 .text.simple_menu_layer_get_menu_layer
                0x0000000000000000        0xc /Users/kirby/pebble-dev/PebbleSDK-2.8.1/Pebble/lib/libpebble.a(tmpL9Cjnwpebble.o)
 .text.accel_data_service_subscribe
                0x0000000000000000        0xc /Users/kirby/pebble-dev/PebbleSDK-2.8.1/Pebble/lib/libpebble.a(tmpL9Cjnwpebble.o)
 .text.calloc   0x0000000000000000        0xc /Users/kirby/pebble-dev/PebbleSDK-2.8.1/Pebble/lib/libpebble.a(tmpL9Cjnwpebble.o)
 .text.bitmap_layer_get_bitmap
                0x0000000000000000        0xc /Users/kirby/pebble-dev/PebbleSDK-2.8.1/Pebble/lib/libpebble.a(tmpL9Cjnwpebble.o)
 .text.window_get_click_config_context
                0x0000000000000000        0xc /Users/kirby/pebble-dev/PebbleSDK-2.8.1/Pebble/lib/libpebble.a(tmpL9Cjnwpebble.o)
 .text.number_window_get_window
                0x0000000000000000        0xc /Users/kirby/pebble-dev/PebbleSDK-2.8.1/Pebble/lib/libpebble.a(tmpL9Cjnwpebble.o)
 .text.realloc  0x0000000000000000        0xc /Users/kirby/pebble-dev/PebbleSDK-2.8.1/Pebble/lib/libpebble.a(tmpL9Cjnwpebble.o)
 .text.gbitmap_create_blank
                0x0000000000000000        0xc /Users/kirby/pebble-dev/PebbleSDK-2.8.1/Pebble/lib/libpebble.a(tmpL9Cjnwpebble.o)
 .text.click_recognizer_is_repeating
                0x0000000000000000        0xc /Users/kirby/pebble-dev/PebbleSDK-2.8.1/Pebble/lib/libpebble.a(tmpL9Cjnwpebble.o)
 .text.accel_raw_data_service_subscribe
                0x0000000000000000        0xc /Users/kirby/pebble-dev/PebbleSDK-2.8.1/Pebble/lib/libpebble.a(tmpL9Cjnwpebble.o)
 .text.app_worker_is_running
                0x0000000000000000        0xc /Users/kirby/pebble-dev/PebbleSDK-2.8.1/Pebble/lib/libpebble.a(tmpL9Cjnwpebble.o)
 .text.app_worker_kill
                0x0000000000000000        0xc /Users/kirby/pebble-dev/PebbleSDK-2.8.1/Pebble/lib/libpebble.a(tmpL9Cjnwpebble.o)
 .text.app_worker_launch
                0x0000000000000000        0xc /Users/kirby/pebble-dev/PebbleSDK-2.8.1/Pebble/lib/libpebble.a(tmpL9Cjnwpebble.o)
 .text.app_worker_message_subscribe
                0x0000000000000000        0xc /Users/kirby/pebble-dev/PebbleSDK-2.8.1/Pebble/lib/libpebble.a(tmpL9Cjnwpebble.o)
 .text.app_worker_message_unsubscribe
                0x0000000000000000        0xc /Users/kirby/pebble-dev/PebbleSDK-2.8.1/Pebble/lib/libpebble.a(tmpL9Cjnwpebble.o)
 .text.app_worker_send_message
                0x0000000000000000        0xc /Users/kirby/pebble-dev/PebbleSDK-2.8.1/Pebble/lib/libpebble.a(tmpL9Cjnwpebble.o)
 .text.worker_event_loop
                0x0000000000000000        0xc /Users/kirby/pebble-dev/PebbleSDK-2.8.1/Pebble/lib/libpebble.a(tmpL9Cjnwpebble.o)
 .text.worker_launch_app
                0x0000000000000000        0xc /Users/kirby/pebble-dev/PebbleSDK-2.8.1/Pebble/lib/libpebble.a(tmpL9Cjnwpebble.o)
 .text.heap_bytes_free
                0x0000000000000000        0xc /Users/kirby/pebble-dev/PebbleSDK-2.8.1/Pebble/lib/libpebble.a(tmpL9Cjnwpebble.o)
 .text.heap_bytes_used
                0x0000000000000000        0xc /Users/kirby/pebble-dev/PebbleSDK-2.8.1/Pebble/lib/libpebble.a(tmpL9Cjnwpebble.o)
 .text.compass_service_peek
                0x0000000000000000        0xc /Users/kirby/pebble-dev/PebbleSDK-2.8.1/Pebble/lib/libpebble.a(tmpL9Cjnwpebble.o)
 .text.compass_service_set_heading_filter
                0x0000000000000000        0xc /Users/kirby/pebble-dev/PebbleSDK-2.8.1/Pebble/lib/libpebble.a(tmpL9Cjnwpebble.o)
 .text.compass_service_subscribe
                0x0000000000000000        0xc /Users/kirby/pebble-dev/PebbleSDK-2.8.1/Pebble/lib/libpebble.a(tmpL9Cjnwpebble.o)
 .text.compass_service_unsubscribe
                0x0000000000000000        0xc /Users/kirby/pebble-dev/PebbleSDK-2.8.1/Pebble/lib/libpebble.a(tmpL9Cjnwpebble.o)
 .text.uuid_equal
                0x0000000000000000        0xc /Users/kirby/pebble-dev/PebbleSDK-2.8.1/Pebble/lib/libpebble.a(tmpL9Cjnwpebble.o)
 .text.uuid_to_string
                0x0000000000000000        0xc /Users/kirby/pebble-dev/PebbleSDK-2.8.1/Pebble/lib/libpebble.a(tmpL9Cjnwpebble.o)
 .text.gpath_draw_filled
                0x0000000000000000        0xc /Users/kirby/pebble-dev/PebbleSDK-2.8.1/Pebble/lib/libpebble.a(tmpL9Cjnwpebble.o)
 .text.animation_set_custom_curve
                0x0000000000000000        0xc /Users/kirby/pebble-dev/PebbleSDK-2.8.1/Pebble/lib/libpebble.a(tmpL9Cjnwpebble.o)
 .text.watch_info_get_color
                0x0000000000000000        0xc /Users/kirby/pebble-dev/PebbleSDK-2.8.1/Pebble/lib/libpebble.a(tmpL9Cjnwpebble.o)
 .text.watch_info_get_firmware_version
                0x0000000000000000        0xc /Users/kirby/pebble-dev/PebbleSDK-2.8.1/Pebble/lib/libpebble.a(tmpL9Cjnwpebble.o)
 .text.watch_info_get_model
                0x0000000000000000        0xc /Users/kirby/pebble-dev/PebbleSDK-2.8.1/Pebble/lib/libpebble.a(tmpL9Cjnwpebble.o)
 .text.graphics_capture_frame_buffer
                0x0000000000000000        0xc /Users/kirby/pebble-dev/PebbleSDK-2.8.1/Pebble/lib/libpebble.a(tmpL9Cjnwpebble.o)
 .text.graphics_frame_buffer_is_captured
                0x0000000000000000        0xc /Users/kirby/pebble-dev/PebbleSDK-2.8.1/Pebble/lib/libpebble.a(tmpL9Cjnwpebble.o)
 .text.graphics_release_frame_buffer
                0x0000000000000000        0xc /Users/kirby/pebble-dev/PebbleSDK-2.8.1/Pebble/lib/libpebble.a(tmpL9Cjnwpebble.o)
 .text.clock_to_timestamp
                0x0000000000000000        0xc /Users/kirby/pebble-dev/PebbleSDK-2.8.1/Pebble/lib/libpebble.a(tmpL9Cjnwpebble.o)
 .text.launch_reason
                0x0000000000000000        0xc /Users/kirby/pebble-dev/PebbleSDK-2.8.1/Pebble/lib/libpebble.a(tmpL9Cjnwpebble.o)
 .text.wakeup_cancel
                0x0000000000000000        0xc /Users/kirby/pebble-dev/PebbleSDK-2.8.1/Pebble/lib/libpebble.a(tmpL9Cjnwpebble.o)
 .text.wakeup_cancel_all
                0x0000000000000000        0xc /Users/kirby/pebble-dev/PebbleSDK-2.8.1/Pebble/lib/libpebble.a(tmpL9Cjnwpebble.o)
 .text.wakeup_get_launch_event
                0x0000000000000000        0xc /Users/kirby/pebble-dev/PebbleSDK-2.8.1/Pebble/lib/libpebble.a(tmpL9Cjnwpebble.o)
 .text.wakeup_query
                0x0000000000000000        0xc /Users/kirby/pebble-dev/PebbleSDK-2.8.1/Pebble/lib/libpebble.a(tmpL9Cjnwpebble.o)
 .text.wakeup_schedule
                0x0000000000000000        0xc /Users/kirby/pebble-dev/PebbleSDK-2.8.1/Pebble/lib/libpebble.a(tmpL9Cjnwpebble.o)
 .text.wakeup_service_subscribe
                0x0000000000000000        0xc /Users/kirby/pebble-dev/PebbleSDK-2.8.1/Pebble/lib/libpebble.a(tmpL9Cjnwpebble.o)
 .text.clock_is_timezone_set
                0x0000000000000000        0xc /Users/kirby/pebble-dev/PebbleSDK-2.8.1/Pebble/lib/libpebble.a(tmpL9Cjnwpebble.o)
 .text.i18n_get_system_locale
                0x0000000000000000        0xc /Users/kirby/pebble-dev/PebbleSDK-2.8.1/Pebble/lib/libpebble.a(tmpL9Cjnwpebble.o)
 .text._localeconv_r
                0x0000000000000000        0xc /Users/kirby/pebble-dev/PebbleSDK-2.8.1/Pebble/lib/libpebble.a(tmpL9Cjnwpebble.o)
 .text.setlocale
                0x0000000000000000        0xc /Users/kirby/pebble-dev/PebbleSDK-2.8.1/Pebble/lib/libpebble.a(tmpL9Cjnwpebble.o)
 .text          0x0000000000000000        0x0 /Users/kirby/pebble-dev/PebbleSDK-2.8.1/arm-cs-tools/bin/../lib/gcc/arm-none-eabi/4.7.2/thumb2/crtend.o
 .bss           0x0000000000000000        0x0 /Users/kirby/pebble-dev/PebbleSDK-2.8.1/arm-cs-tools/bin/../lib/gcc/arm-none-eabi/4.7.2/thumb2/crtend.o
 .eh_frame      0x0000000000000000        0x4 /Users/kirby/pebble-dev/PebbleSDK-2.8.1/arm-cs-tools/bin/../lib/gcc/arm-none-eabi/4.7.2/thumb2/crtend.o
 .jcr           0x0000000000000000        0x4 /Users/kirby/pebble-dev/PebbleSDK-2.8.1/arm-cs-tools/bin/../lib/gcc/arm-none-eabi/4.7.2/thumb2/crtend.o
 .tm_clone_table
                0x0000000000000000        0x0 /Users/kirby/pebble-dev/PebbleSDK-2.8.1/arm-cs-tools/bin/../lib/gcc/arm-none-eabi/4.7.2/thumb2/crtend.o
 .text          0x0000000000000000        0x0 /Users/kirby/pebble-dev/PebbleSDK-2.8.1/arm-cs-tools/bin/../lib/gcc/arm-none-eabi/4.7.2/thumb2/crtn.o
 .bss           0x0000000000000000        0x0 /Users/kirby/pebble-dev/PebbleSDK-2.8.1/arm-cs-tools/bin/../lib/gcc/arm-none-eabi/4.7.2/thumb2/crtn.o
 .init          0x0000000000000000        0x8 /Users/kirby/pebble-dev/PebbleSDK-2.8.1/arm-cs-tools/bin/../lib/gcc/arm-none-eabi/4.7.2/thumb2/crtn.o
 .fini          0x0000000000000000        0x8 /Users/kirby/pebble-dev/PebbleSDK-2.8.1/arm-cs-tools/bin/../lib/gcc/arm-none-eabi/4.7.2/thumb2/crtn.o

Memory Configuration

Name             Origin             Length             Attributes
APP              0x0000000000000000 0x0000000000006000 xrw
*default*        0x0000000000000000 0xffffffffffffffff

Linker script and memory map

LOAD /Users/kirby/pebble-dev/PebbleSDK-2.8.1/arm-cs-tools/bin/../lib/gcc/arm-none-eabi/4.7.2/thumb2/crti.o
LOAD /Users/kirby/pebble-dev/PebbleSDK-2.8.1/arm-cs-tools/bin/../lib/gcc/arm-none-eabi/4.7.2/thumb2/crtbegin.o
LOAD src/action-window.c.14.o
LOAD src/app_msg.c.14.o
LOAD src/pebble-app.c.14.o
LOAD appinfo.auto.c.14.o
LOAD /Users/kirby/pebble-dev/PebbleSDK-2.8.1/Pebble/lib/libpebble.a
START GROUP
LOAD /Users/kirby/pebble-dev/PebbleSDK-2.8.1/arm-cs-tools/bin/../lib/gcc/arm-none-eabi/4.7.2/thumb2/libgcc.a
LOAD /Users/kirby/pebble-dev/PebbleSDK-2.8.1/arm-cs-tools/bin/../lib/gcc/arm-none-eabi/4.7.2/../../../../arm-none-eabi/lib/thumb2/libc.a
END GROUP
LOAD /Users/kirby/pebble-dev/PebbleSDK-2.8.1/arm-cs-tools/bin/../lib/gcc/arm-none-eabi/4.7.2/thumb2/crtend.o
LOAD /Users/kirby/pebble-dev/PebbleSDK-2.8.1/arm-cs-tools/bin/../lib/gcc/arm-none-eabi/4.7.2/thumb2/crtn.o

.header         0x0000000000000000       0x82
 *(.pbl_header)
 .pbl_header    0x0000000000000000       0x82 appinfo.auto.c.14.o
                0x0000000000000000                __pbl_app_info

.text           0x0000000000000084      0xd48
 *(.text)
 .text          0x0000000000000084       0x14 /Users/kirby/pebble-dev/PebbleSDK-2.8.1/Pebble/lib/libpebble.a(tmpL9Cjnwpebble.o)
 *(.text.*)
 .text.down_single_click_handler
                0x0000000000000098       0x2c src/action-window.c.14.o
 .text.up_single_click_handler
                0x00000000000000c4       0x2c src/action-window.c.14.o
 .text.select_single_click_handler
                0x00000000000000f0       0x2c src/action-window.c.14.o
 .text.window_unload
                0x000000000000011c       0x48 src/action-window.c.14.o
 .text.window_load
                0x0000000000000164      0x1e4 src/action-window.c.14.o
 .text.click_config_provider
                0x0000000000000348       0x30 src/action-window.c.14.o
 .text.action_window_init
                0x0000000000000378       0xc0 src/action-window.c.14.o
                0x0000000000000378                action_window_init
 .text.outbox_sent_callback
                0x0000000000000438       0x18 src/app_msg.c.14.o
 .text.outbox_failed_callback
                0x0000000000000450       0x18 src/app_msg.c.14.o
 .text.inbox_dropped_callback
                0x0000000000000468       0x18 src/app_msg.c.14.o
 .text.inbox_received_callback
                0x0000000000000480      0x26c src/app_msg.c.14.o
 .text.send_command
                0x00000000000006ec       0x7c src/app_msg.c.14.o
                0x00000000000006ec                send_command
 .text.app_message_init
                0x0000000000000768       0x48 src/app_msg.c.14.o
                0x0000000000000768                app_message_init
 .text.menu_get_num_sections_callback
                0x00000000000007b0        0x4 src/pebble-app.c.14.o
 .text.menu_get_num_rows_callback
                0x00000000000007b4       0x14 src/pebble-app.c.14.o
 .text.menu_get_header_height_callback
                0x00000000000007c8        0x4 src/pebble-app.c.14.o
 .text.window_unload
                0x00000000000007cc       0x2c src/pebble-app.c.14.o
 .text.window_load
                0x00000000000007f8       0xe4 src/pebble-app.c.14.o
 .text.menu_select_callback
                0x00000000000008dc        0x6 src/pebble-app.c.14.o
 *fill*         0x00000000000008e2        0x2 
 .text.menu_draw_header_callback
                0x00000000000008e4        0xc src/pebble-app.c.14.o
 .text.menu_draw_row_callback
                0x00000000000008f0       0x24 src/pebble-app.c.14.o
 .text.startup.main
                0x0000000000000914       0x78 src/pebble-app.c.14.o
                0x0000000000000914                main
 .text.action_bar_layer_add_to_window
                0x000000000000098c        0xc /Users/kirby/pebble-dev/PebbleSDK-2.8.1/Pebble/lib/libpebble.a(tmpL9Cjnwpebble.o)
                0x000000000000098c                action_bar_layer_add_to_window
 .text.action_bar_layer_create
                0x0000000000000998        0xc /Users/kirby/pebble-dev/PebbleSDK-2.8.1/Pebble/lib/libpebble.a(tmpL9Cjnwpebble.o)
                0x0000000000000998                action_bar_layer_create
 .text.action_bar_layer_destroy
                0x00000000000009a4        0xc /Users/kirby/pebble-dev/PebbleSDK-2.8.1/Pebble/lib/libpebble.a(tmpL9Cjnwpebble.o)
                0x00000000000009a4                action_bar_layer_destroy
 .text.action_bar_layer_set_click_config_provider
                0x00000000000009b0        0xc /Users/kirby/pebble-dev/PebbleSDK-2.8.1/Pebble/lib/libpebble.a(tmpL9Cjnwpebble.o)
                0x00000000000009b0                action_bar_layer_set_click_config_provider
 .text.action_bar_layer_set_icon
                0x00000000000009bc        0xc /Users/kirby/pebble-dev/PebbleSDK-2.8.1/Pebble/lib/libpebble.a(tmpL9Cjnwpebble.o)
                0x00000000000009bc                action_bar_layer_set_icon
 .text.app_event_loop
                0x00000000000009c8        0xc /Users/kirby/pebble-dev/PebbleSDK-2.8.1/Pebble/lib/libpebble.a(tmpL9Cjnwpebble.o)
                0x00000000000009c8                app_event_loop
 .text.app_log  0x00000000000009d4        0xc /Users/kirby/pebble-dev/PebbleSDK-2.8.1/Pebble/lib/libpebble.a(tmpL9Cjnwpebble.o)
                0x00000000000009d4                app_log
 .text.app_message_open
                0x00000000000009e0        0xc /Users/kirby/pebble-dev/PebbleSDK-2.8.1/Pebble/lib/libpebble.a(tmpL9Cjnwpebble.o)
                0x00000000000009e0                app_message_open
 .text.dict_read_first
                0x00000000000009ec        0xc /Users/kirby/pebble-dev/PebbleSDK-2.8.1/Pebble/lib/libpebble.a(tmpL9Cjnwpebble.o)
                0x00000000000009ec                dict_read_first
 .text.dict_read_next
                0x00000000000009f8        0xc /Users/kirby/pebble-dev/PebbleSDK-2.8.1/Pebble/lib/libpebble.a(tmpL9Cjnwpebble.o)
                0x00000000000009f8                dict_read_next
 .text.dict_write_cstring
                0x0000000000000a04        0xc /Users/kirby/pebble-dev/PebbleSDK-2.8.1/Pebble/lib/libpebble.a(tmpL9Cjnwpebble.o)
                0x0000000000000a04                dict_write_cstring
 .text.dict_write_end
                0x0000000000000a10        0xc /Users/kirby/pebble-dev/PebbleSDK-2.8.1/Pebble/lib/libpebble.a(tmpL9Cjnwpebble.o)
                0x0000000000000a10                dict_write_end
 .text.fonts_get_system_font
                0x0000000000000a1c        0xc /Users/kirby/pebble-dev/PebbleSDK-2.8.1/Pebble/lib/libpebble.a(tmpL9Cjnwpebble.o)
                0x0000000000000a1c                fonts_get_system_font
 .text.gbitmap_create_with_resource
                0x0000000000000a28        0xc /Users/kirby/pebble-dev/PebbleSDK-2.8.1/Pebble/lib/libpebble.a(tmpL9Cjnwpebble.o)
                0x0000000000000a28                gbitmap_create_with_resource
 .text.gbitmap_destroy
                0x0000000000000a34        0xc /Users/kirby/pebble-dev/PebbleSDK-2.8.1/Pebble/lib/libpebble.a(tmpL9Cjnwpebble.o)
                0x0000000000000a34                gbitmap_destroy
 .text.layer_add_child
                0x0000000000000a40        0xc /Users/kirby/pebble-dev/PebbleSDK-2.8.1/Pebble/lib/libpebble.a(tmpL9Cjnwpebble.o)
                0x0000000000000a40                layer_add_child
 .text.layer_get_frame
                0x0000000000000a4c        0xc /Users/kirby/pebble-dev/PebbleSDK-2.8.1/Pebble/lib/libpebble.a(tmpL9Cjnwpebble.o)
                0x0000000000000a4c                layer_get_frame
 .text.memset   0x0000000000000a58        0xc /Users/kirby/pebble-dev/PebbleSDK-2.8.1/Pebble/lib/libpebble.a(tmpL9Cjnwpebble.o)
                0x0000000000000a58                memset
 .text.menu_cell_basic_draw
                0x0000000000000a64        0xc /Users/kirby/pebble-dev/PebbleSDK-2.8.1/Pebble/lib/libpebble.a(tmpL9Cjnwpebble.o)
                0x0000000000000a64                menu_cell_basic_draw
 .text.menu_cell_basic_header_draw
                0x0000000000000a70        0xc /Users/kirby/pebble-dev/PebbleSDK-2.8.1/Pebble/lib/libpebble.a(tmpL9Cjnwpebble.o)
                0x0000000000000a70                menu_cell_basic_header_draw
 .text.menu_layer_create
                0x0000000000000a7c        0xc /Users/kirby/pebble-dev/PebbleSDK-2.8.1/Pebble/lib/libpebble.a(tmpL9Cjnwpebble.o)
                0x0000000000000a7c                menu_layer_create
 .text.menu_layer_destroy
                0x0000000000000a88        0xc /Users/kirby/pebble-dev/PebbleSDK-2.8.1/Pebble/lib/libpebble.a(tmpL9Cjnwpebble.o)
                0x0000000000000a88                menu_layer_destroy
 .text.menu_layer_get_layer
                0x0000000000000a94        0xc /Users/kirby/pebble-dev/PebbleSDK-2.8.1/Pebble/lib/libpebble.a(tmpL9Cjnwpebble.o)
                0x0000000000000a94                menu_layer_get_layer
 .text.menu_layer_reload_data
                0x0000000000000aa0        0xc /Users/kirby/pebble-dev/PebbleSDK-2.8.1/Pebble/lib/libpebble.a(tmpL9Cjnwpebble.o)
                0x0000000000000aa0                menu_layer_reload_data
 .text.menu_layer_set_click_config_onto_window
                0x0000000000000aac        0xc /Users/kirby/pebble-dev/PebbleSDK-2.8.1/Pebble/lib/libpebble.a(tmpL9Cjnwpebble.o)
                0x0000000000000aac                menu_layer_set_click_config_onto_window
 .text.snprintf
                0x0000000000000ab8        0xc /Users/kirby/pebble-dev/PebbleSDK-2.8.1/Pebble/lib/libpebble.a(tmpL9Cjnwpebble.o)
                0x0000000000000ab8                snprintf
 .text.strcpy   0x0000000000000ac4        0xc /Users/kirby/pebble-dev/PebbleSDK-2.8.1/Pebble/lib/libpebble.a(tmpL9Cjnwpebble.o)
                0x0000000000000ac4                strcpy
 .text.text_layer_create
                0x0000000000000ad0        0xc /Users/kirby/pebble-dev/PebbleSDK-2.8.1/Pebble/lib/libpebble.a(tmpL9Cjnwpebble.o)
                0x0000000000000ad0                text_layer_create
 .text.text_layer_destroy
                0x0000000000000adc        0xc /Users/kirby/pebble-dev/PebbleSDK-2.8.1/Pebble/lib/libpebble.a(tmpL9Cjnwpebble.o)
                0x0000000000000adc                text_layer_destroy
 .text.text_layer_get_layer
                0x0000000000000ae8        0xc /Users/kirby/pebble-dev/PebbleSDK-2.8.1/Pebble/lib/libpebble.a(tmpL9Cjnwpebble.o)
                0x0000000000000ae8                text_layer_get_layer
 .text.text_layer_set_background_color
                0x0000000000000af4        0xc /Users/kirby/pebble-dev/PebbleSDK-2.8.1/Pebble/lib/libpebble.a(tmpL9Cjnwpebble.o)
                0x0000000000000af4                text_layer_set_background_color
 .text.text_layer_set_font
                0x0000000000000b00        0xc /Users/kirby/pebble-dev/PebbleSDK-2.8.1/Pebble/lib/libpebble.a(tmpL9Cjnwpebble.o)
                0x0000000000000b00                text_layer_set_font
 .text.text_layer_set_overflow_mode
                0x0000000000000b0c        0xc /Users/kirby/pebble-dev/PebbleSDK-2.8.1/Pebble/lib/libpebble.a(tmpL9Cjnwpebble.o)
                0x0000000000000b0c                text_layer_set_overflow_mode
 .text.text_layer_set_text
                0x0000000000000b18        0xc /Users/kirby/pebble-dev/PebbleSDK-2.8.1/Pebble/lib/libpebble.a(tmpL9Cjnwpebble.o)
                0x0000000000000b18                text_layer_set_text
 .text.text_layer_set_text_color
                0x0000000000000b24        0xc /Users/kirby/pebble-dev/PebbleSDK-2.8.1/Pebble/lib/libpebble.a(tmpL9Cjnwpebble.o)
                0x0000000000000b24                text_layer_set_text_color
 .text.window_create
                0x0000000000000b30        0xc /Users/kirby/pebble-dev/PebbleSDK-2.8.1/Pebble/lib/libpebble.a(tmpL9Cjnwpebble.o)
                0x0000000000000b30                window_create
 .text.window_destroy
                0x0000000000000b3c        0xc /Users/kirby/pebble-dev/PebbleSDK-2.8.1/Pebble/lib/libpebble.a(tmpL9Cjnwpebble.o)
                0x0000000000000b3c                window_destroy
 .text.window_get_root_layer
                0x0000000000000b48        0xc /Users/kirby/pebble-dev/PebbleSDK-2.8.1/Pebble/lib/libpebble.a(tmpL9Cjnwpebble.o)
                0x0000000000000b48                window_get_root_layer
 .text.window_set_window_handlers
                0x0000000000000b54        0xc /Users/kirby/pebble-dev/PebbleSDK-2.8.1/Pebble/lib/libpebble.a(tmpL9Cjnwpebble.o)
                0x0000000000000b54                window_set_window_handlers
 .text.window_stack_push
                0x0000000000000b60        0xc /Users/kirby/pebble-dev/PebbleSDK-2.8.1/Pebble/lib/libpebble.a(tmpL9Cjnwpebble.o)
                0x0000000000000b60                window_stack_push
 .text.app_message_inbox_size_maximum
                0x0000000000000b6c        0xc /Users/kirby/pebble-dev/PebbleSDK-2.8.1/Pebble/lib/libpebble.a(tmpL9Cjnwpebble.o)
                0x0000000000000b6c                app_message_inbox_size_maximum
 .text.app_message_outbox_begin
                0x0000000000000b78        0xc /Users/kirby/pebble-dev/PebbleSDK-2.8.1/Pebble/lib/libpebble.a(tmpL9Cjnwpebble.o)
                0x0000000000000b78                app_message_outbox_begin
 .text.app_message_outbox_send
                0x0000000000000b84        0xc /Users/kirby/pebble-dev/PebbleSDK-2.8.1/Pebble/lib/libpebble.a(tmpL9Cjnwpebble.o)
                0x0000000000000b84                app_message_outbox_send
 .text.app_message_outbox_size_maximum
                0x0000000000000b90        0xc /Users/kirby/pebble-dev/PebbleSDK-2.8.1/Pebble/lib/libpebble.a(tmpL9Cjnwpebble.o)
                0x0000000000000b90                app_message_outbox_size_maximum
 .text.app_message_register_inbox_dropped
                0x0000000000000b9c        0xc /Users/kirby/pebble-dev/PebbleSDK-2.8.1/Pebble/lib/libpebble.a(tmpL9Cjnwpebble.o)
                0x0000000000000b9c                app_message_register_inbox_dropped
 .text.app_message_register_inbox_received
                0x0000000000000ba8        0xc /Users/kirby/pebble-dev/PebbleSDK-2.8.1/Pebble/lib/libpebble.a(tmpL9Cjnwpebble.o)
                0x0000000000000ba8                app_message_register_inbox_received
 .text.app_message_register_outbox_failed
                0x0000000000000bb4        0xc /Users/kirby/pebble-dev/PebbleSDK-2.8.1/Pebble/lib/libpebble.a(tmpL9Cjnwpebble.o)
                0x0000000000000bb4                app_message_register_outbox_failed
 .text.app_message_register_outbox_sent
                0x0000000000000bc0        0xc /Users/kirby/pebble-dev/PebbleSDK-2.8.1/Pebble/lib/libpebble.a(tmpL9Cjnwpebble.o)
                0x0000000000000bc0                app_message_register_outbox_sent
 .text.window_single_click_subscribe
                0x0000000000000bcc        0xc /Users/kirby/pebble-dev/PebbleSDK-2.8.1/Pebble/lib/libpebble.a(tmpL9Cjnwpebble.o)
                0x0000000000000bcc                window_single_click_subscribe
 .text.menu_layer_set_callbacks
                0x0000000000000bd8        0xc /Users/kirby/pebble-dev/PebbleSDK-2.8.1/Pebble/lib/libpebble.a(tmpL9Cjnwpebble.o)
                0x0000000000000bd8                menu_layer_set_callbacks
 *(.rodata)
 .rodata        0x0000000000000be4       0x18 src/action-window.c.14.o
 *(.rodata*)
 .rodata.str1.1
                0x0000000000000bfc       0x8e src/action-window.c.14.o
 .rodata.str1.1
                0x0000000000000c8a       0xed src/app_msg.c.14.o
                                         0xee (size before relaxing)
 .rodata.str1.1
                0x0000000000000d77       0x55 src/pebble-app.c.14.o

.glue_7         0x0000000000000dcc        0x0
 .glue_7        0x0000000000000000        0x0 linker stubs

.glue_7t        0x0000000000000dcc        0x0
 .glue_7t       0x0000000000000000        0x0 linker stubs

.vfp11_veneer   0x0000000000000dcc        0x0
 .vfp11_veneer  0x0000000000000000        0x0 linker stubs

.v4_bx          0x0000000000000dcc        0x0
 .v4_bx         0x0000000000000000        0x0 linker stubs

.iplt           0x0000000000000dcc        0x0
 .iplt          0x0000000000000000        0x0 /Users/kirby/pebble-dev/PebbleSDK-2.8.1/arm-cs-tools/bin/../lib/gcc/arm-none-eabi/4.7.2/thumb2/crtbegin.o

.rel.dyn        0x0000000000000dcc        0x0
 .rel.iplt      0x0000000000000000        0x0 /Users/kirby/pebble-dev/PebbleSDK-2.8.1/arm-cs-tools/bin/../lib/gcc/arm-none-eabi/4.7.2/thumb2/crtbegin.o
 .rel.got       0x0000000000000000        0x0 /Users/kirby/pebble-dev/PebbleSDK-2.8.1/arm-cs-tools/bin/../lib/gcc/arm-none-eabi/4.7.2/thumb2/crtbegin.o

.data           0x0000000000000dcc        0x4
 *(.data)
 .data          0x0000000000000dcc        0x0 /Users/kirby/pebble-dev/PebbleSDK-2.8.1/arm-cs-tools/bin/../lib/gcc/arm-none-eabi/4.7.2/thumb2/crti.o
 .data          0x0000000000000dcc        0x4 /Users/kirby/pebble-dev/PebbleSDK-2.8.1/arm-cs-tools/bin/../lib/gcc/arm-none-eabi/4.7.2/thumb2/crtbegin.o
                0x0000000000000dcc                __dso_handle
 .data          0x0000000000000dd0        0x0 src/action-window.c.14.o
 .data          0x0000000000000dd0        0x0 src/app_msg.c.14.o
 .data          0x0000000000000dd0        0x0 src/pebble-app.c.14.o
 .data          0x0000000000000dd0        0x0 appinfo.auto.c.14.o
 .data          0x0000000000000dd0        0x0 /Users/kirby/pebble-dev/PebbleSDK-2.8.1/Pebble/lib/libpebble.a(tmpL9Cjnwpebble.o)
 .data          0x0000000000000dd0        0x0 /Users/kirby/pebble-dev/PebbleSDK-2.8.1/arm-cs-tools/bin/../lib/gcc/arm-none-eabi/4.7.2/thumb2/crtend.o
 .data          0x0000000000000dd0        0x0 /Users/kirby/pebble-dev/PebbleSDK-2.8.1/arm-cs-tools/bin/../lib/gcc/arm-none-eabi/4.7.2/thumb2/crtn.o
 *(.data.*)

.igot.plt       0x0000000000000dd0        0x0
 .igot.plt      0x0000000000000000        0x0 /Users/kirby/pebble-dev/PebbleSDK-2.8.1/arm-cs-tools/bin/../lib/gcc/arm-none-eabi/4.7.2/thumb2/crtbegin.o

.got            0x0000000000000dd0       0x20
 .got           0x0000000000000dd0       0x20 /Users/kirby/pebble-dev/PebbleSDK-2.8.1/arm-cs-tools/bin/../lib/gcc/arm-none-eabi/4.7.2/thumb2/crtbegin.o

.got.plt        0x0000000000000df0        0xc
 .got.plt       0x0000000000000df0        0xc /Users/kirby/pebble-dev/PebbleSDK-2.8.1/arm-cs-tools/bin/../lib/gcc/arm-none-eabi/4.7.2/thumb2/crtbegin.o
                0x0000000000000df0                _GLOBAL_OFFSET_TABLE_

.bss            0x0000000000000dfc      0x2b4
 *(.bss)
 *(.bss.*)
 .bss.action_bar
                0x0000000000000dfc        0x4 src/action-window.c.14.o
 .bss.footer_text
                0x0000000000000e00        0x4 src/action-window.c.14.o
 .bss.action_icon_left_arrow
                0x0000000000000e04        0x4 src/action-window.c.14.o
 .bss.action_icon_right_arrow
                0x0000000000000e08        0x4 src/action-window.c.14.o
 .bss.current_app_num
                0x0000000000000e0c        0x4 src/action-window.c.14.o
 .bss.action_icon_play
                0x0000000000000e10        0x4 src/action-window.c.14.o
 .bss.window    0x0000000000000e14        0x4 src/action-window.c.14.o
 .bss.num_of_apps
                0x0000000000000e18        0x4 src/app_msg.c.14.o
                0x0000000000000e18                num_of_apps
 .bss.window    0x0000000000000e1c        0x4 src/pebble-app.c.14.o
 COMMON         0x0000000000000e20       0x88 src/action-window.c.14.o
                0x0000000000000e20                header_text_layer
                0x0000000000000e24                header_text
                0x0000000000000e64                main_text
                0x0000000000000ea4                main_text_layer
 COMMON         0x0000000000000ea8      0x200 src/app_msg.c.14.o
                0x0000000000000ea8                apps
 COMMON         0x00000000000010a8        0x8 src/pebble-app.c.14.o
                0x00000000000010a8                menu_layer
                0x00000000000010ac                loading_text_layer

DISCARD
 libc.a(*)
 libm.a(*)
 libgcc.a(*)
 *(.eh_frame)
OUTPUT(/Users/kirby/projects/wristctrl/pebble/build/pebble-app.elf elf32-littlearm)

.ARM.attributes
                0x0000000000000000       0x27
 .ARM.attributes
                0x0000000000000000       0x19 /Users/kirby/pebble-dev/PebbleSDK-2.8.1/arm-cs-tools/bin/../lib/gcc/arm-none-eabi/4.7.2/thumb2/crti.o
 .ARM.attributes
                0x0000000000000019       0x29 /Users/kirby/pebble-dev/PebbleSDK-2.8.1/arm-cs-tools/bin/../lib/gcc/arm-none-eabi/4.7.2/thumb2/crtbegin.o
 .ARM.attributes
                0x0000000000000042       0x33 src/action-window.c.14.o
 .ARM.attributes
                0x0000000000000075       0x33 src/app_msg.c.14.o
 .ARM.attributes
                0x00000000000000a8       0x33 src/pebble-app.c.14.o
 .ARM.attributes
                0x00000000000000db       0x33 appinfo.auto.c.14.o
 .ARM.attributes
                0x000000000000010e       0x21 /Users/kirby/pebble-dev/PebbleSDK-2.8.1/Pebble/lib/libpebble.a(tmpL9Cjnwpebble.o)
 .ARM.attributes
                0x000000000000012f       0x29 /Users/kirby/pebble-dev/PebbleSDK-2.8.1/arm-cs-tools/bin/../lib/gcc/arm-none-eabi/4.7.2/thumb2/crtend.o
 .ARM.attributes
                0x0000000000000158       0x19 /Users/kirby/pebble-dev/PebbleSDK-2.8.1/arm-cs-tools/bin/../lib/gcc/arm-none-eabi/4.7.2/thumb2/crtn.o

.comment        0x0000000000000000       0x4e
 .comment       0x0000000000000000       0x4e /Users/kirby/pebble-dev/PebbleSDK-2.8.1/arm-cs-tools/bin/../lib/gcc/arm-none-eabi/4.7.2/thumb2/crtbegin.o
                                         0x4f (size before relaxing)
 .comment       0x0000000000000000       0x4f src/action-window.c.14.o
 .comment       0x0000000000000000       0x4f src/app_msg.c.14.o
 .comment       0x0000000000000000       0x4f src/pebble-app.c.14.o
 .comment       0x0000000000000000       0x4f appinfo.auto.c.14.o
 .comment       0x0000000000000000       0x4f /Users/kirby/pebble-dev/PebbleSDK-2.8.1/arm-cs-tools/bin/../lib/gcc/arm-none-eabi/4.7.2/thumb2/crtend.o

.debug_info     0x0000000000000000     0x27d4
 .debug_info    0x0000000000000000      0xcbf src/action-window.c.14.o
 .debug_info    0x0000000000000cbf      0xb3d src/app_msg.c.14.o
 .debug_info    0x00000000000017fc      0xcac src/pebble-app.c.14.o
 .debug_info    0x00000000000024a8      0x32c appinfo.auto.c.14.o

.debug_abbrev   0x0000000000000000      0x8d3
 .debug_abbrev  0x0000000000000000      0x2a7 src/action-window.c.14.o
 .debug_abbrev  0x00000000000002a7      0x276 src/app_msg.c.14.o
 .debug_abbrev  0x000000000000051d      0x318 src/pebble-app.c.14.o
 .debug_abbrev  0x0000000000000835       0x9e appinfo.auto.c.14.o

.debug_loc      0x0000000000000000      0x7cd
 .debug_loc     0x0000000000000000      0x206 src/action-window.c.14.o
 .debug_loc     0x0000000000000206      0x2d7 src/app_msg.c.14.o
 .debug_loc     0x00000000000004dd      0x2f0 src/pebble-app.c.14.o

.debug_aranges  0x0000000000000000      0x110
 .debug_aranges
                0x0000000000000000       0x50 src/action-window.c.14.o
 .debug_aranges
                0x0000000000000050       0x48 src/app_msg.c.14.o
 .debug_aranges
                0x0000000000000098       0x60 src/pebble-app.c.14.o
 .debug_aranges
                0x00000000000000f8       0x18 appinfo.auto.c.14.o

.debug_ranges   0x0000000000000000       0xc8
 .debug_ranges  0x0000000000000000       0x40 src/action-window.c.14.o
 .debug_ranges  0x0000000000000040       0x38 src/app_msg.c.14.o
 .debug_ranges  0x0000000000000078       0x50 src/pebble-app.c.14.o

.debug_line     0x0000000000000000      0x785
 .debug_line    0x0000000000000000      0x244 src/action-window.c.14.o
 .debug_line    0x0000000000000244      0x249 src/app_msg.c.14.o
 .debug_line    0x000000000000048d      0x1d8 src/pebble-app.c.14.o
 .debug_line    0x0000000000000665      0x120 appinfo.auto.c.14.o

.debug_str      0x0000000000000000     0x1238
 .debug_str     0x0000000000000000      0x774 src/action-window.c.14.o
                                        0x80a (size before relaxing)
 .debug_str     0x0000000000000774      0x591 src/app_msg.c.14.o
                                        0x7a2 (size before relaxing)
 .debug_str     0x0000000000000d05      0x3dc src/pebble-app.c.14.o
                                        0x74c (size before relaxing)
 .debug_str     0x00000000000010e1      0x157 appinfo.auto.c.14.o
                                        0x35c (size before relaxing)

.debug_frame    0x0000000000000000      0x234
 .debug_frame   0x0000000000000000       0xb8 src/action-window.c.14.o
 .debug_frame   0x00000000000000b8       0xa0 src/app_msg.c.14.o
 .debug_frame   0x0000000000000158       0xdc src/pebble-app.c.14.o
